default.target
● ├─dbus-broker.service
● │ ├─dbus.socket
● │ │ └─sysinit.target
● ├─systemd-journald.service
● │ ├─systemd-journald-audit.socket
● │ ├─systemd-journald-dev-log.socket
● │ └─systemd-journald.socket
● └─systemd-tmpfiles-setup.service
